obtv-admin@tbn-obview:/var/www/obview$ npm install --save-dev vite esbuild

changed 1 package, and audited 438 packages in 6s

58 packages are looking for funding
  run `npm fund` for details

2 moderate severity vulnerabilities

To address all issues (including breaking changes), run:
  npm audit fix --force

Run `npm audit` for details.
obtv-admin@tbn-obview:/var/www/obview$ node server/index.js
node:internal/modules/cjs/loader:1143
  throw err;
  ^

Error: Cannot find module '/var/www/obview/server/index.js'
    at Module._resolveFilename (node:internal/modules/cjs/loader:1140:15)
    at Module._load (node:internal/modules/cjs/loader:981:27)
    at Function.executeUserEntryPoint [as runMain] (node:internal/modules/run_main:128:12)
    at node:internal/main/run_main_module:28:49 {
  code: 'MODULE_NOT_FOUND',
  requireStack: []
}

Node.js v18.20.8
obtv-admin@tbn-obview:/var/www/obview$ npm run build

> rest-express@1.0.0 build
> vite build && esbuild server/index.ts --platform=node --packages=external --bundle --format=esm --outdir=dist

failed to load config from /var/www/obview/vite.config.ts
error during build:
Error [ERR_MODULE_NOT_FOUND]: Cannot find package '@vitejs/plugin-react' imported from /var/www/obview/vite.config.ts.timestamp-1746036158357-4c6f4a56bdfc3.mjs
    at new NodeError (node:internal/errors:405:5)
    at packageResolve (node:internal/modules/esm/resolve:916:9)
    at moduleResolve (node:internal/modules/esm/resolve:973:20)
    at defaultResolve (node:internal/modules/esm/resolve:1206:11)
    at ModuleLoader.defaultResolve (node:internal/modules/esm/loader:404:12)
    at ModuleLoader.resolve (node:internal/modules/esm/loader:373:25)
    at ModuleLoader.getModuleJob (node:internal/modules/esm/loader:250:38)
    at ModuleWrap.<anonymous> (node:internal/modules/esm/module_job:76:39)
    at link (node:internal/modules/esm/module_job:75:36)
obtv-admin@tbn-obview:/var/www/obview$ cd /var/www/obview
npm install

up to date, audited 438 packages in 3s

58 packages are looking for funding
  run `npm fund` for details

2 moderate severity vulnerabilities

To address all issues (including breaking changes), run:
  npm audit fix --force

Run `npm audit` for details.
obtv-admin@tbn-obview:/var/www/obview$ npm run build

> rest-express@1.0.0 build
> vite build && esbuild server/index.ts --platform=node --packages=external --bundle --format=esm --outdir=dist

failed to load config from /var/www/obview/vite.config.ts
error during build:
Error [ERR_MODULE_NOT_FOUND]: Cannot find package '@vitejs/plugin-react' imported from /var/www/obview/vite.config.ts.timestamp-1746036175554-f45f4a6dad05a.mjs
    at new NodeError (node:internal/errors:405:5)
    at packageResolve (node:internal/modules/esm/resolve:916:9)
    at moduleResolve (node:internal/modules/esm/resolve:973:20)
    at defaultResolve (node:internal/modules/esm/resolve:1206:11)
    at ModuleLoader.defaultResolve (node:internal/modules/esm/loader:404:12)
    at ModuleLoader.resolve (node:internal/modules/esm/loader:373:25)
    at ModuleLoader.getModuleJob (node:internal/modules/esm/loader:250:38)
    at ModuleWrap.<anonymous> (node:internal/modules/esm/module_job:76:39)
    at link (node:internal/modules/esm/module_job:75:36)
obtv-admin@tbn-obview:/var/www/obview$ node server/index.js
node:internal/modules/cjs/loader:1143
  throw err;
  ^

Error: Cannot find module '/var/www/obview/server/index.js'
    at Module._resolveFilename (node:internal/modules/cjs/loader:1140:15)
    at Module._load (node:internal/modules/cjs/loader:981:27)
    at Function.executeUserEntryPoint [as runMain] (node:internal/modules/run_main:128:12)
    at node:internal/main/run_main_module:28:49 {
  code: 'MODULE_NOT_FOUND',
  requireStack: []
}

Node.js v18.20.8
obtv-admin@tbn-obview:/var/www/obview$