obtv-admin@obview-tbn:/opt/obview$ sudo systemctl enable obview
sudo systemctl start obview
Created symlink /etc/systemd/system/multi-user.target.wants/obview.service → /etc/systemd/system/obview.service.
obtv-admin@obview-tbn:/opt/obview$ sudo systemctl status obview
× obview.service - OBview.io Application
     Loaded: loaded (/etc/systemd/system/obview.service; enabled; preset: enabled)
     Active: failed (Result: exit-code) since Tue 2025-04-29 21:37:05 UTC; 7s ago
   Duration: 715ms
    Process: 60085 ExecStart=/usr/bin/node dist/index.js (code=exited, status=1/FAILUR>
   Main PID: 60085 (code=exited, status=1/FAILURE)
        CPU: 1.042s

Apr 29 21:37:05 obview-tbn systemd[1]: obview.service: Scheduled restart job, restart >
Apr 29 21:37:05 obview-tbn systemd[1]: obview.service: Start request repeated too quic>
Apr 29 21:37:05 obview-tbn systemd[1]: obview.service: Failed with result 'exit-code'.
Apr 29 21:37:05 obview-tbn systemd[1]: Failed to start obview.service - OBview.io Appl>
Apr 29 21:37:05 obview-tbn systemd[1]: obview.service: Consumed 1.042s CPU time.

obtv-admin@obview-tbn:/opt/obview$ ^C
obtv-admin@obview-tbn:/opt/obview$ ^C
obtv-admin@obview-tbn:/opt/obview$ sudo journalctl -u obview -f
Apr 29 21:37:05 obview-tbn node[60085]:     at async asyncRunEntryPointWithESMLoader (node:internal/modules/run_main:117:5)
Apr 29 21:37:05 obview-tbn node[60085]: Node.js v20.19.1
Apr 29 21:37:05 obview-tbn systemd[1]: obview.service: Main process exited, code=exited, status=1/FAILURE
Apr 29 21:37:05 obview-tbn systemd[1]: obview.service: Failed with result 'exit-code'.
Apr 29 21:37:05 obview-tbn systemd[1]: obview.service: Consumed 1.042s CPU time.
Apr 29 21:37:05 obview-tbn systemd[1]: obview.service: Scheduled restart job, restart counter is at 5.
Apr 29 21:37:05 obview-tbn systemd[1]: obview.service: Start request repeated too quickly.
Apr 29 21:37:05 obview-tbn systemd[1]: obview.service: Failed with result 'exit-code'.
Apr 29 21:37:05 obview-tbn systemd[1]: Failed to start obview.service - OBview.io Application.
Apr 29 21:37:05 obview-tbn systemd[1]: obview.service: Consumed 1.042s CPU time.